[themetechmount.com/html/delmont/index.html]
[backblue.gif]
[fade.gif]
[index.html]
[themetechmount.com/html/delmont/images/favicon.png]
[themetechmount.com/html/delmont/css/bootstrap.min.css]
[themetechmount.com/html/delmont/css/animate.css]
[themetechmount.com/html/delmont/css/owl.carousel.css]
[themetechmount.com/html/delmont/css/font-awesome.css]
[themetechmount.com/html/delmont/css/themify-icons.css]
[themetechmount.com/html/delmont/css/flaticon.css]
[themetechmount.com/html/delmont/revolution/css/layers.css]
[themetechmount.com/html/delmont/revolution/css/settings.css]
[themetechmount.com/html/delmont/css/prettyPhoto.css]
[themetechmount.com/html/delmont/css/twentytwenty.css]
[themetechmount.com/html/delmont/css/shortcodes.css]
[themetechmount.com/html/delmont/css/main.css]
[themetechmount.com/html/delmont/css/responsive.css]
[themetechmount.com/html/delmont/images/logo-img.png]
[themetechmount.com/html/delmont/home-2.html]
[themetechmount.com/html/delmont/home-3.html]
[themetechmount.com/html/delmont/home-4.html]
[themetechmount.com/html/delmont/home-5.html]
[themetechmount.com/html/delmont/home-6.html]
[themetechmount.com/html/delmont/header-overlay.html]
[themetechmount.com/html/delmont/header-infostack.html]
[themetechmount.com/html/delmont/header-classic.html]
[themetechmount.com/html/delmont/aboutus-1.html]
[themetechmount.com/html/delmont/aboutus-2.html]
[themetechmount.com/html/delmont/services.html]
[themetechmount.com/html/delmont/contact-us.html]
[themetechmount.com/html/delmont/contact-us-2.html]
[themetechmount.com/html/delmont/our-team.html]
[themetechmount.com/html/delmont/home-shop.html]
[themetechmount.com/html/delmont/shop.html]
[themetechmount.com/html/delmont/product-details.html]
[themetechmount.com/html/delmont/cart.html]
[themetechmount.com/html/delmont/checkout.html]
[themetechmount.com/html/delmont/before-after.html]
[themetechmount.com/html/delmont/our-events.html]
[themetechmount.com/html/delmont/book-appointment.html]
[themetechmount.com/html/delmont/team-details.html]
[themetechmount.com/html/delmont/forums.html]
[themetechmount.com/html/delmont/faq.html]
[themetechmount.com/html/delmont/error.html]
[themetechmount.com/html/delmont/element.html]
[themetechmount.com/html/delmont/research-style-1.html]
[themetechmount.com/html/delmont/research-style-2.html]
[themetechmount.com/html/delmont/single-style-1.html]
[themetechmount.com/html/delmont/single-style-2.html]
[themetechmount.com/html/delmont/single-style-3.html]
[themetechmount.com/html/delmont/neurology-services.html]
[themetechmount.com/html/delmont/cardiology-services.html]
[themetechmount.com/html/delmont/x-ray-rmi-services.html]
[themetechmount.com/html/delmont/eye-care-services.html]
[themetechmount.com/html/delmont/dental-services.html]
[themetechmount.com/html/delmont/orthopaedics-services.html]
[themetechmount.com/html/delmont/blog.html]
[themetechmount.com/html/delmont/blog-left-image.html]
[themetechmount.com/html/delmont/blog-grid-view.html]
[themetechmount.com/html/delmont/single-blog.html]
[themetechmount.com/html/delmont/images/slides/slider-mainbg-001.jpg]
[themetechmount.com/html/delmont/images/slides/slider-icon001.png]
[themetechmount.com/html/delmont/images/slides/slider-mainbg-002.jpg]
[themetechmount.com/html/delmont/images/single-img-twel.jpg]
[themetechmount.com/html/delmont/images/team-member/team-img01.jpg]
[themetechmount.com/html/delmont/images/team-member/team-img02.jpg]
[themetechmount.com/html/delmont/images/team-member/team-img03.jpg]
[themetechmount.com/html/delmont/images/team-member/team-img04.jpg]
[themetechmount.com/html/delmont/images/team-member/team-img05.jpg]
[themetechmount.com/html/delmont/images/testimonial/01.jpg]
[themetechmount.com/html/delmont/images/testimonial/02.jpg]
[themetechmount.com/html/delmont/images/testimonial/03.jpg]
[themetechmount.com/html/delmont/images/client/client-01.png]
[themetechmount.com/html/delmont/images/client/client-02.png]
[themetechmount.com/html/delmont/images/client/client-03.png]
[themetechmount.com/html/delmont/images/blog/01.jpg]
[themetechmount.com/html/delmont/images/blog/02.jpg]
[themetechmount.com/html/delmont/images/blog/03.jpg]
[themetechmount.com/html/delmont/js/jquery.min.js]
[themetechmount.com/html/delmont/js/tether.min.js]
[themetechmount.com/html/delmont/js/jquery.easing.js]
[themetechmount.com/html/delmont/js/bootstrap.min.js]
[themetechmount.com/html/delmont/js/jquery-waypoints.js]
[themetechmount.com/html/delmont/js/jquery-validate.js]
[themetechmount.com/html/delmont/js/owl.carousel.js]
[themetechmount.com/html/delmont/js/jquery.prettyPhoto.js]
[themetechmount.com/html/delmont/js/numinate.min.js]
[themetechmount.com/html/delmont/js/jquery.event.move.js]
[themetechmount.com/html/delmont/js/jquery.twentytwenty.js]
[themetechmount.com/html/delmont/js/booked-calendar.js]
[themetechmount.com/html/delmont/js/main.js]
[themetechmount.com/html/delmont/revolution/js/jquery.themepunch.tools.min.js]
[themetechmount.com/html/delmont/revolution/js/jquery.themepunch.revolution.min.js]
[themetechmount.com/html/delmont/revolution/js/slider.js]
[themetechmount.com/html/delmont/revolution/js/extensions/revolution.extension.actions.min.js]
[themetechmount.com/html/delmont/revolution/js/extensions/revolution.extension.carousel.min.js]
[themetechmount.com/html/delmont/revolution/js/extensions/revolution.extension.kenburn.min.js]
[themetechmount.com/html/delmont/revolution/js/extensions/revolution.extension.layeranimation.min.js]
[themetechmount.com/html/delmont/revolution/js/extensions/revolution.extension.migration.min.js]
[themetechmount.com/html/delmont/revolution/js/extensions/revolution.extension.navigation.min.js]
[themetechmount.com/html/delmont/revolution/js/extensions/revolution.extension.parallax.min.js]
[themetechmount.com/html/delmont/revolution/js/extensions/revolution.extension.slideanims.min.js]
[themetechmount.com/html/delmont/index.html]
[themetechmount.com/html/delmont/css/bootstrap.min.css]
[themetechmount.com/html/delmont/css/animate.css]
[themetechmount.com/html/delmont/css/owl.carousel.css]
[themetechmount.com/html/delmont/fonts/fontawesome-webfont3e6e.eot]
[themetechmount.com/html/delmont/fonts/fontawesome-webfontd41d.eot]
[themetechmount.com/html/delmont/fonts/fontawesome-webfont3e6e.woff2]
[themetechmount.com/html/delmont/fonts/fontawesome-webfont3e6e.woff]
[themetechmount.com/html/delmont/fonts/fontawesome-webfont3e6e.ttf]
[themetechmount.com/html/delmont/css/font-awesome.css]
[themetechmount.com/html/delmont/fonts/themify9f24.eot]
[themetechmount.com/html/delmont/fonts/themifyd41d.eot]
[themetechmount.com/html/delmont/fonts/themify9f24.woff]
[themetechmount.com/html/delmont/fonts/themify9f24.ttf]
[themetechmount.com/html/delmont/css/themify-icons.css]
[themetechmount.com/html/delmont/fonts/Flaticon.eot]
[themetechmount.com/html/delmont/fonts/Flaticon.woff]
[themetechmount.com/html/delmont/fonts/Flaticond41d.eot]
[themetechmount.com/html/delmont/fonts/Flaticon.ttf]
[themetechmount.com/html/delmont/css/flaticon.css]
[themetechmount.com/html/delmont/revolution/css/layers.css]
[themetechmount.com/html/delmont/revolution/fonts/revicons/revicons90c690c6.eot]
[themetechmount.com/html/delmont/revolution/fonts/revicons/revicons90c690c6.woff]
[themetechmount.com/html/delmont/revolution/fonts/revicons/revicons90c690c6.ttf]
[themetechmount.com/html/delmont/revolution/css/settings.css]
[themetechmount.com/html/delmont/images/prettyPhoto/default/sprite.png]
[themetechmount.com/html/delmont/images/prettyPhoto/default/sprite_x.png]
[themetechmount.com/html/delmont/images/prettyPhoto/default/sprite_y.png]
[themetechmount.com/html/delmont/images/prettyPhoto/default/sprite_next.png]
[themetechmount.com/html/delmont/images/prettyPhoto/default/sprite_prev.png]
[themetechmount.com/html/delmont/images/prettyPhoto/default/default_thumb.png]
[themetechmount.com/html/delmont/images/prettyPhoto/default/loader.gif]
[themetechmount.com/html/delmont/images/prettyPhoto/light_rounded/sprite.png]
[themetechmount.com/html/delmont/images/prettyPhoto/light_rounded/btnNext.png]
[themetechmount.com/html/delmont/images/prettyPhoto/light_rounded/btnPrevious.png]
[themetechmount.com/html/delmont/images/prettyPhoto/dark_rounded/sprite.png]
[themetechmount.com/html/delmont/images/prettyPhoto/dark_rounded/contentPattern.png]
[themetechmount.com/html/delmont/images/prettyPhoto/dark_rounded/btnNext.png]
[themetechmount.com/html/delmont/images/prettyPhoto/dark_rounded/btnPrevious.png]
[themetechmount.com/html/delmont/images/prettyPhoto/dark_rounded/loader.gif]
[themetechmount.com/html/delmont/images/prettyPhoto/dark_square/loader.gif]
[themetechmount.com/html/delmont/images/prettyPhoto/dark_square/sprite.png]
[themetechmount.com/html/delmont/images/prettyPhoto/dark_square/btnNext.png]
[themetechmount.com/html/delmont/images/prettyPhoto/dark_square/btnPrevious.png]
[themetechmount.com/html/delmont/images/prettyPhoto/light_square/sprite.png]
[themetechmount.com/html/delmont/images/prettyPhoto/light_square/btnNext.png]
[themetechmount.com/html/delmont/images/prettyPhoto/light_square/btnPrevious.png]
[themetechmount.com/html/delmont/images/prettyPhoto/facebook/sprite.png]
[themetechmount.com/html/delmont/images/prettyPhoto/facebook/contentPatternTop.png]
[themetechmount.com/html/delmont/images/prettyPhoto/facebook/contentPatternLeft.png]
[themetechmount.com/html/delmont/images/prettyPhoto/facebook/contentPatternRight.png]
[themetechmount.com/html/delmont/images/prettyPhoto/facebook/loader.gif]
[themetechmount.com/html/delmont/images/prettyPhoto/facebook/btnNext.png]
[themetechmount.com/html/delmont/images/prettyPhoto/facebook/btnPrevious.png]
[themetechmount.com/html/delmont/images/prettyPhoto/facebook/contentPatternBottom.png]
[themetechmount.com/html/delmont/images/prettyPhoto/facebook/default_thumbnail.gif]
[themetechmount.com/html/delmont/images/prettyPhoto/light_rounded/loader.gif]
[themetechmount.com/html/delmont/css/prettyPhoto.css]
[themetechmount.com/html/delmont/css/twentytwenty.css]
[themetechmount.com/html/delmont/images/pattern-1.jpg]
[themetechmount.com/html/delmont/images/bg-image/row-bgimage-1.jpg]
[themetechmount.com/html/delmont/images/bg-image/row-bgimage-2.jpg]
[themetechmount.com/html/delmont/images/bg-image/row-bgimage-3.jpg]
[themetechmount.com/html/delmont/images/bg-image/row-bgimage-4.jpg]
[themetechmount.com/html/delmont/images/bg-image/row-bgimage-5.jpg]
[themetechmount.com/html/delmont/images/bg-image/row-bgimage-6.jpg]
[themetechmount.com/html/delmont/images/bg-image/row-bgimage-7.jpg]
[themetechmount.com/html/delmont/css/shortcodes.css]
[themetechmount.com/html/delmont/css/main.css]
[themetechmount.com/html/delmont/css/responsive.css]
[themetechmount.com/html/delmont/home-2.html]
[themetechmount.com/html/delmont/home-3.html]
[themetechmount.com/html/delmont/home-4.html]
[themetechmount.com/html/delmont/home-5.html]
[themetechmount.com/html/delmont/home-6.html]
[themetechmount.com/html/delmont/header-overlay.html]
[themetechmount.com/html/delmont/header-infostack.html]
[themetechmount.com/html/delmont/header-classic.html]
[themetechmount.com/html/delmont/aboutus-1.html]
[themetechmount.com/html/delmont/aboutus-2.html]
[themetechmount.com/html/delmont/services.html]
[themetechmount.com/html/delmont/contact-us.html]
[themetechmount.com/html/delmont/contact-us-2.html]
[themetechmount.com/html/delmont/our-team.html]
[themetechmount.com/html/delmont/home-shop.html]
[themetechmount.com/html/delmont/shop.html]
[themetechmount.com/html/delmont/product-details.html]
[themetechmount.com/html/delmont/cart.html]
[themetechmount.com/html/delmont/checkout.html]
[themetechmount.com/html/delmont/before-after.html]
[themetechmount.com/html/delmont/our-events.html]
[themetechmount.com/html/delmont/book-appointment.html]
[themetechmount.com/html/delmont/team-details.html]
[themetechmount.com/html/delmont/forums.html]
[themetechmount.com/html/delmont/faq.html]
[themetechmount.com/html/delmont/error.html]
[themetechmount.com/html/delmont/element.html]
[themetechmount.com/html/delmont/research-style-1.html]
[themetechmount.com/html/delmont/research-style-2.html]
[themetechmount.com/html/delmont/single-style-1.html]
[themetechmount.com/html/delmont/single-style-2.html]
[themetechmount.com/html/delmont/single-style-3.html]
[themetechmount.com/html/delmont/neurology-services.html]
[themetechmount.com/html/delmont/cardiology-services.html]
[themetechmount.com/html/delmont/x-ray-rmi-services.html]
[themetechmount.com/html/delmont/eye-care-services.html]
[themetechmount.com/html/delmont/dental-services.html]
[themetechmount.com/html/delmont/orthopaedics-services.html]
[themetechmount.com/html/delmont/blog.html]
[themetechmount.com/html/delmont/blog-left-image.html]
[themetechmount.com/html/delmont/blog-grid-view.html]
[themetechmount.com/html/delmont/single-blog.html]
[themetechmount.com/html/delmont/services-1.html]
[themetechmount.com/html/delmont/about-1.html]
[themetechmount.com/html/delmont/fonts/fontawesome-webfont3e6e.svg]
[themetechmount.com/html/delmont/fonts/themify9f24.svg]
[themetechmount.com/html/delmont/fonts/Flaticon.svg]
[themetechmount.com/html/delmont/revolution/fonts/revicons/revicons90c690c6.svg]
[themetechmount.com/html/delmont/revolution/css/openhand.html]
[themetechmount.com/html/delmont/revolution/css/closedhand.html]
[themetechmount.com/html/delmont/revolution/assets/gridtile.html]
[themetechmount.com/html/delmont/revolution/assets/gridtile_white.html]
[themetechmount.com/html/delmont/revolution/assets/gridtile_3x3.html]
[themetechmount.com/html/delmont/revolution/assets/gridtile_3x3_white.html]
[themetechmount.com/html/delmont/revolution/assets/coloredbg.html]
[themetechmount.com/html/delmont/revolution/assets/loader.html]
